20:46:52 **** Build of configuration Debug for project GPIO_MIO_intr_bsp_xadcps_polled_printf_example_1 ****
make pre-build main-build 
a9-linaro-pre-build-step
' '
'Building file: ../src/xadcps_polled_printf_example.c'
'Invoking: ARM v7 gcc compiler'
arm-none-eabi-gcc -Wall -O0 -g3 -c -fmessage-length=0 -MT"src/xadcps_polled_printf_example.o" -mcpu=cortex-a9 -mfpu=vfpv3 -mfloat-abi=hard -I../../GPIO_MIO_intr_bsp/ps7_cortexa9_0/include -MMD -MP -MF"src/xadcps_polled_printf_example.d" -MT"src/xadcps_polled_printf_example.o" -o "src/xadcps_polled_printf_example.o" "../src/xadcps_polled_printf_example.c"
'Finished building: ../src/xadcps_polled_printf_example.c'
' '
'Building target: GPIO_MIO_intr_bsp_xadcps_polled_printf_example_1.elf'
'Invoking: ARM v7 gcc linker'
arm-none-eabi-gcc -mcpu=cortex-a9 -mfpu=vfpv3 -mfloat-abi=hard -Wl,-build-id=none -specs=Xilinx.spec -Wl,-T -Wl,../src/lscript.ld -L../../GPIO_MIO_intr_bsp/ps7_cortexa9_0/lib -o "GPIO_MIO_intr_bsp_xadcps_polled_printf_example_1.elf"  ./src/xadcps_polled_printf_example.o   -Wl,--start-group,-lxil,-lgcc,-lc,--end-group
'Finished building target: GPIO_MIO_intr_bsp_xadcps_polled_printf_example_1.elf'
' '
'Invoking: ARM v7 Print Size'
arm-none-eabi-size GPIO_MIO_intr_bsp_xadcps_polled_printf_example_1.elf  |tee "GPIO_MIO_intr_bsp_xadcps_polled_printf_example_1.elf.size"
   text	   data	    bss	    dec	    hex	filename
  31820	   1160	  22600	  55580	   d91c	GPIO_MIO_intr_bsp_xadcps_polled_printf_example_1.elf
'Finished building: GPIO_MIO_intr_bsp_xadcps_polled_printf_example_1.elf.size'
' '

20:46:54 Build Finished (took 2s.301ms)

